// Jest Snapshot v1, https://goo.gl/fbAQLP

exports[`renders correctly matches the snapshot 1`] = `
<div
  className="container"
>
  <div
    className="row"
  />
</div>
`;
